export const snapshot = {};

snapshot[`createsActionsPipeline 1`] = `
"name: build
on:
  push:
    branches:
      - main
  pull_request:
    branches:
      - main
jobs:
  build:
    runs-on: \${{ matrix.os }}
    strategy:
      matrix:
        os:
          - ubuntu-22.04
          - macos-12
          - windows-2022
        deno-version:
          - v1.x
    env:
      DENO_DIR: deno_dir
    steps:
      - name: Configure line-endings for Windows build
        if: matrix.os == 'windows-2022'
        run: |-
          git config --system core.autocrlf false
          git config --system core.eol lf
      - uses: actions/checkout@v3
      - uses: denoland/setup-deno@v1.1.1
        with:
          deno-version: \${{ matrix.deno-version }}
      - run: deno fmt --check
      - run: deno lint
      - run: deno check main.ts
      - name: Cache DENO_DIR
        uses: actions/cache@v3
        with:
          path: \${{ env.DENO_DIR }}
          key: \${{ hashFiles('deno.lock') }}
      - run: deno test --coverage=cov/
      - if: matrix.os == 'ubuntu-22.04' && matrix.deno-version != 'canary'
        run: deno coverage --lcov --output=cov.lcov cov/
"
`;
